{"level":"\u001b[32minfo\u001b[39m","message":"{\"method\":\"GET\",\"url\":\"/api/hello\",\"status\":\"200\",\"responseTime\":\"3.489\"}","timestamp":"2024-06-26T07:21:10.684Z"}
{"level":"\u001b[32minfo\u001b[39m","message":"{\"method\":\"GET\",\"url\":\"/api/hello\",\"status\":\"304\",\"responseTime\":\"0.592\"}","timestamp":"2024-06-26T07:22:33.192Z"}
{"level":"info","message":"{\"method\":\"GET\",\"url\":\"/api/hello\",\"status\":\"304\",\"responseTime\":\"2.441\"}","timestamp":"2024-06-26T07:22:42.021Z"}
{"level":"\u001b[32minfo\u001b[39m","message":"\"GET /api/hello 304 2.800 ms\\n\"","timestamp":"2024-06-26T07:34:04.328Z"}
{"level":"\u001b[32minfo\u001b[39m","message":"\"GET /api/hell 404 1.486 ms\\n\"","timestamp":"2024-06-26T07:38:32.515Z"}
{"level":"\u001b[32minfo\u001b[39m","message":"{\"method\":\"GET\",\"url\":\"/api/hell\",\"status\":\"404\",\"responseTime\":\"2.608\"}","timestamp":"2024-06-26T07:38:56.633Z"}
{"level":"\u001b[32minfo\u001b[39m","message":"{\"method\":\"GET\",\"url\":\"/api/hell\",\"status\":\"404\",\"responseTime\":\"0.478\"}","timestamp":"2024-06-26T07:39:06.529Z"}
{"level":"\u001b[32minfo\u001b[39m","message":"Server running at http://localhost:8000","timestamp":"2024-06-26T11:42:56.907Z"}
{"level":"\u001b[32minfo\u001b[39m","message":"Server running at http://localhost:8000","timestamp":"2024-06-26T11:45:53.369Z"}
{"level":"\u001b[32minfo\u001b[39m","message":"Server running at http://localhost:7000","timestamp":"2024-06-26T11:48:00.115Z"}
{"level":"\u001b[32minfo\u001b[39m","message":"Server running at http://localhost:8000","timestamp":"2024-06-26T11:48:13.370Z"}
{"level":"\u001b[32minfo\u001b[39m","message":"Server running at http://localhost:8000","timestamp":"2024-06-26T11:48:19.938Z"}
{"level":"\u001b[32minfo\u001b[39m","message":"Server running at http://localhost:8000","timestamp":"2024-06-26T11:48:25.284Z"}
{"level":"\u001b[32minfo\u001b[39m","message":"Server running at http://localhost:8000","timestamp":"2024-06-26T11:48:37.759Z"}
{"level":"\u001b[32minfo\u001b[39m","message":"Server running at http://localhost:8000","timestamp":"2024-06-26T11:50:42.668Z"}
{"level":"\u001b[32minfo\u001b[39m","message":"\n MongoDB connected: ac-7ct2bxu-shard-00-00.zcckhtw.mongodb.net","timestamp":"2024-06-26T12:24:22.105Z"}
{"level":"\u001b[32minfo\u001b[39m","message":"Connected to MongoDB","timestamp":"2024-06-26T12:24:22.113Z"}
{"level":"\u001b[32minfo\u001b[39m","message":"Server running at http://localhost:8000","timestamp":"2024-06-26T12:24:22.118Z"}
{"level":"\u001b[32minfo\u001b[39m","message":"\n MongoDB connected: ac-7ct2bxu-shard-00-01.zcckhtw.mongodb.net","timestamp":"2024-06-26T12:26:38.041Z"}
{"level":"\u001b[32minfo\u001b[39m","message":"Connected to MongoDB","timestamp":"2024-06-26T12:26:38.043Z"}
{"level":"\u001b[32minfo\u001b[39m","message":"Server running at http://localhost:8000","timestamp":"2024-06-26T12:26:38.046Z"}
{"level":"\u001b[32minfo\u001b[39m","message":"\n MongoDB connected: ac-7ct2bxu-shard-00-00.zcckhtw.mongodb.net","timestamp":"2024-06-26T12:27:26.323Z"}
{"level":"\u001b[32minfo\u001b[39m","message":"Connected to MongoDB","timestamp":"2024-06-26T12:27:26.325Z"}
{"level":"\u001b[32minfo\u001b[39m","message":"Server running at http://localhost:8000","timestamp":"2024-06-26T12:27:26.328Z"}
{"level":"\u001b[32minfo\u001b[39m","message":"\n MongoDB connected: ac-7ct2bxu-shard-00-02.zcckhtw.mongodb.net","timestamp":"2024-06-26T12:27:29.157Z"}
{"level":"\u001b[32minfo\u001b[39m","message":"Connected to MongoDB","timestamp":"2024-06-26T12:27:29.159Z"}
{"level":"\u001b[32minfo\u001b[39m","message":"Server running at http://localhost:8000","timestamp":"2024-06-26T12:27:29.163Z"}
{"level":"\u001b[32minfo\u001b[39m","message":"\n MongoDB connected: ac-7ct2bxu-shard-00-02.zcckhtw.mongodb.net","timestamp":"2024-06-26T12:27:37.868Z"}
{"level":"\u001b[32minfo\u001b[39m","message":"Connected to MongoDB","timestamp":"2024-06-26T12:27:37.870Z"}
{"level":"\u001b[32minfo\u001b[39m","message":"Server running at http://localhost:8000","timestamp":"2024-06-26T12:27:37.873Z"}
{"level":"\u001b[32minfo\u001b[39m","message":"\n MongoDB connected: ac-7ct2bxu-shard-00-01.zcckhtw.mongodb.net","timestamp":"2024-06-26T12:27:51.755Z"}
{"level":"\u001b[32minfo\u001b[39m","message":"Connected to MongoDB","timestamp":"2024-06-26T12:27:51.757Z"}
{"level":"\u001b[32minfo\u001b[39m","message":"Server running at http://localhost:8000","timestamp":"2024-06-26T12:27:51.760Z"}
